// Jest Snapshot v1, https://goo.gl/fbAQLP

exports[`should no render when false buttons 1`] = `null`;
