// Jest Snapshot v1, https://goo.gl/fbAQLP

exports[`should correct render table cell with some value 1`] = `
<td
  style={
    Object {
      "background": "#6c757d",
    }
  }
>
  1
</td>
`;
